// Jest Snapshot v1, https://goo.gl/fbAQLP

exports[`It should display the list of feeds on feeds updates Loads the data on component mount and data gets fetches 1`] = `[Function]`;
